// Jest Snapshot v1, https://goo.gl/fbAQLP

exports[`<TrackList> should render correctly 1`] = `
<styled.div
  className="track-list"
>
  <TrackItem
    key="1"
    track={
      Object {
        "id": 1,
      }
    }
  />
  <TrackItem
    key="2"
    track={
      Object {
        "id": 2,
      }
    }
  />
</styled.div>
`;
