// Jest Snapshot v1, https://goo.gl/fbAQLP

exports[`<Root> should render correctly 1`] = `
<IntlProvider
  locale="fr"
  messages={
    Object {
      "trackItem.addedBy": "Ajouté par {username}",
      "trackItem.in": "dans {duration} min",
    }
  }
>
  <styled.div>
    <div>
      <span>
        test
      </span>
    </div>
  </styled.div>
</IntlProvider>
`;
